
> ai-studio-applet@0.1.0 test
> tsx --test --conditions react-server lib/**/*.test.ts hooks/**/*.test.ts

TAP version 13
# Subtest: useIsMobile
    # Subtest: should return false initially (undefined coerced to false)
    not ok 1 - should return false initially (undefined coerced to false)
      ---
      duration_ms: 2.035494
      type: 'test'
      location: '/app/hooks/use-mobile.test.ts:2:1622'
      failureType: 'testCodeFailure'
      error: "The argument 'methodName' must be a method. Received undefined"
      code: 'ERR_INVALID_ARG_VALUE'
      name: 'TypeError'
      stack: |-
        MockTracker.method (node:internal/test_runner/mock/mock:514:13)
        TestContext.<anonymous> (/app/hooks/use-mobile.test.ts:38:10)
        Test.runInAsyncScope (node:async_hooks:214:14)
        Test.run (node:internal/test_runner/test:1047:25)
        async Promise.all (index 0)
        async Suite.run (node:internal/test_runner/test:1442:7)
        async startSubtestAfterBootstrap (node:internal/test_runner/harness:296:3)
      ...
    # Subtest: should initialize and set up event listener in useEffect
    not ok 2 - should initialize and set up event listener in useEffect
      ---
      duration_ms: 0.6228
      type: 'test'
      location: '/app/hooks/use-mobile.test.ts:2:1938'
      failureType: 'testCodeFailure'
      error: "The argument 'methodName' must be a method. Received undefined"
      code: 'ERR_INVALID_ARG_VALUE'
      name: 'TypeError'
      stack: |-
        MockTracker.method (node:internal/test_runner/mock/mock:514:13)
        TestContext.<anonymous> (/app/hooks/use-mobile.test.ts:49:10)
        Test.runInAsyncScope (node:async_hooks:214:14)
        Test.run (node:internal/test_runner/test:1047:25)
        async Suite.processPendingSubtests (node:internal/test_runner/test:744:7)
      ...
    # Subtest: should update state when window is resized to mobile
    not ok 3 - should update state when window is resized to mobile
      ---
      duration_ms: 0.715435
      type: 'test'
      location: '/app/hooks/use-mobile.test.ts:2:2630'
      failureType: 'testCodeFailure'
      error: "The argument 'methodName' must be a method. Received undefined"
      code: 'ERR_INVALID_ARG_VALUE'
      name: 'TypeError'
      stack: |-
        MockTracker.method (node:internal/test_runner/mock/mock:514:13)
        TestContext.<anonymous> (/app/hooks/use-mobile.test.ts:75:10)
        Test.runInAsyncScope (node:async_hooks:214:14)
        Test.run (node:internal/test_runner/test:1047:25)
        async Suite.processPendingSubtests (node:internal/test_runner/test:744:7)
      ...
    # Subtest: should clean up event listener on unmount
    not ok 4 - should clean up event listener on unmount
      ---
      duration_ms: 2.240401
      type: 'test'
      location: '/app/hooks/use-mobile.test.ts:2:3198'
      failureType: 'testCodeFailure'
      error: "The argument 'methodName' must be a method. Received undefined"
      code: 'ERR_INVALID_ARG_VALUE'
      name: 'TypeError'
      stack: |-
        MockTracker.method (node:internal/test_runner/mock/mock:514:13)
        TestContext.<anonymous> (/app/hooks/use-mobile.test.ts:97:10)
        Test.runInAsyncScope (node:async_hooks:214:14)
        Test.run (node:internal/test_runner/test:1047:25)
        async Suite.processPendingSubtests (node:internal/test_runner/test:744:7)
      ...
    1..4
not ok 1 - useIsMobile
  ---
  duration_ms: 7.119627
  type: 'suite'
  location: '/app/hooks/use-mobile.test.ts:2:1253'
  failureType: 'subtestsFailed'
  error: '4 subtests failed'
  code: 'ERR_TEST_FAILURE'
  ...
# Supabase environment variables are missing. Please set NEXT_PUBLIC_SUPABASE_URL and NEXT_PUBLIC_SUPABASE_ANON_KEY in your environment.
# Error fetching activities config: TypeError: import_supabase.supabase.from(...).select(...).eq is not a function
#     at getActivitiesConfig (/app/lib/actions.ts:208:8)
#     at parseNaturalLanguageLog (/app/lib/actions.ts:43:33)
#     at TestContext.<anonymous> (/app/lib/actions.test.ts:135:26)
#     at Test.runInAsyncScope (node:async_hooks:214:14)
#     at Test.run (node:internal/test_runner/test:1047:25)
#     at Test.start (node:internal/test_runner/test:944:17)
#     at node:internal/test_runner/test:1440:71
#     at node:internal/per_context/primordials:466:82
#     at new Promise (<anonymous>)
#     at new SafePromise (node:internal/per_context/primordials:435:3)
# Error fetching activities config: TypeError: import_supabase.supabase.from(...).select(...).eq is not a function
#     at getActivitiesConfig (/app/lib/actions.ts:208:8)
#     at parseNaturalLanguageLog (/app/lib/actions.ts:43:33)
#     at TestContext.<anonymous> (/app/lib/actions.test.ts:181:26)
#     at Test.runInAsyncScope (node:async_hooks:214:14)
#     at Test.run (node:internal/test_runner/test:1047:25)
#     at Suite.processPendingSubtests (node:internal/test_runner/test:744:18)
#     at Test.postRun (node:internal/test_runner/test:1173:19)
#     at Test.run (node:internal/test_runner/test:1101:12)
#     at async Promise.all (index 0)
#     at async Suite.run (node:internal/test_runner/test:1442:7)
# Error fetching activities config: TypeError: import_supabase.supabase.from(...).select(...).eq is not a function
#     at getActivitiesConfig (/app/lib/actions.ts:208:8)
#     at parseNaturalLanguageLog (/app/lib/actions.ts:43:33)
#     at TestContext.<anonymous> (/app/lib/actions.test.ts:213:26)
#     at Test.runInAsyncScope (node:async_hooks:214:14)
#     at Test.run (node:internal/test_runner/test:1047:25)
#     at Suite.processPendingSubtests (node:internal/test_runner/test:744:18)
#     at Test.postRun (node:internal/test_runner/test:1173:19)
#     at Test.run (node:internal/test_runner/test:1101:12)
#     at async Suite.processPendingSubtests (node:internal/test_runner/test:744:7)
# AI Parsing Error: SyntaxError: Unexpected token 'i', "invalid json string" is not valid JSON
#     at JSON.parse (<anonymous>)
#     at parseNaturalLanguageLog (/app/lib/actions.ts:112:23)
#     at async TestContext.<anonymous> (/app/lib/actions.test.ts:213:20)
#     at async Test.run (node:internal/test_runner/test:1054:7)
#     at async Suite.processPendingSubtests (node:internal/test_runner/test:744:7)
# Error fetching activities config: TypeError: import_supabase.supabase.from(...).select(...).eq is not a function
#     at getActivitiesConfig (/app/lib/actions.ts:208:8)
#     at parseNaturalLanguageLog (/app/lib/actions.ts:43:33)
#     at TestContext.<anonymous> (/app/lib/actions.test.ts:243:26)
#     at Test.runInAsyncScope (node:async_hooks:214:14)
#     at Test.run (node:internal/test_runner/test:1047:25)
#     at Suite.processPendingSubtests (node:internal/test_runner/test:744:18)
#     at Test.postRun (node:internal/test_runner/test:1173:19)
#     at Test.run (node:internal/test_runner/test:1101:12)
#     at async Suite.processPendingSubtests (node:internal/test_runner/test:744:7)
# AI Parsing Error: Error: API Limit Reached
#     at Object.<anonymous> (/app/lib/actions.test.ts:234:13)
#     at Object.apply (node:internal/test_runner/mock/mock:765:20)
#     at parseNaturalLanguageLog (/app/lib/actions.ts:87:38)
#     at async TestContext.<anonymous> (/app/lib/actions.test.ts:243:20)
#     at async Test.run (node:internal/test_runner/test:1054:7)
#     at async Suite.processPendingSubtests (node:internal/test_runner/test:744:7)
# Subtest: actions: parseNaturalLanguageLog input validation
    # Subtest: should return success: false for empty string input
    ok 1 - should return success: false for empty string input
      ---
      duration_ms: 2.874463
      type: 'test'
      ...
    # Subtest: should return success: false for null input
    ok 2 - should return success: false for null input
      ---
      duration_ms: 0.264455
      type: 'test'
      ...
    # Subtest: should return success: false for undefined input
    ok 3 - should return success: false for undefined input
      ---
      duration_ms: 0.217617
      type: 'test'
      ...
    # Subtest: should return success: false for non-string input
    ok 4 - should return success: false for non-string input
      ---
      duration_ms: 0.200646
      type: 'test'
      ...
    # Subtest: should return localized error when input exceeds 2000 characters (en)
    ok 5 - should return localized error when input exceeds 2000 characters (en)
      ---
      duration_ms: 0.324553
      type: 'test'
      ...
    # Subtest: should return localized error when input exceeds 2000 characters (es)
    ok 6 - should return localized error when input exceeds 2000 characters (es)
      ---
      duration_ms: 0.349769
      type: 'test'
      ...
    # Subtest: should return localized error when input exceeds 2000 characters (pt)
    ok 7 - should return localized error when input exceeds 2000 characters (pt)
      ---
      duration_ms: 0.219065
      type: 'test'
      ...
    1..7
ok 2 - actions: parseNaturalLanguageLog input validation
  ---
  duration_ms: 6.030053
  type: 'suite'
  ...
# Subtest: actions: parseNaturalLanguageLog execution
    # Subtest: should successfully parse natural language input and return parsed data
    ok 1 - should successfully parse natural language input and return parsed data
      ---
      duration_ms: 10.245228
      type: 'test'
      ...
    # Subtest: should return success false when AI returns no text
    ok 2 - should return success false when AI returns no text
      ---
      duration_ms: 1.095219
      type: 'test'
      ...
    # Subtest: should handle invalid JSON from AI gracefully
    ok 3 - should handle invalid JSON from AI gracefully
      ---
      duration_ms: 2.523581
      type: 'test'
      ...
    # Subtest: should handle general AI Parsing Errors when Gemini throws
    ok 4 - should handle general AI Parsing Errors when Gemini throws
      ---
      duration_ms: 2.064935
      type: 'test'
      ...
    1..4
ok 3 - actions: parseNaturalLanguageLog execution
  ---
  duration_ms: 16.485747
  type: 'suite'
  ...
# Subtest: crypto utilities
    # Subtest: should return original data if window is undefined (SSR)
    ok 1 - should return original data if window is undefined (SSR)
      ---
      duration_ms: 3.065633
      type: 'test'
      ...
    # Subtest: should successfully encrypt and decrypt a string
    ok 2 - should successfully encrypt and decrypt a string
      ---
      duration_ms: 11.398856
      type: 'test'
      ...
    # Subtest: should reuse the same key for multiple encryptions
    ok 3 - should reuse the same key for multiple encryptions
      ---
      duration_ms: 2.235765
      type: 'test'
      ...
    # Subtest: should fallback to returning encrypted string if decryption fails (legacy support)
    ok 4 - should fallback to returning encrypted string if decryption fails (legacy support)
      ---
      duration_ms: 0.81541
      type: 'test'
      ...
    # Subtest: should return string as is if it looks like legacy JSON array
    ok 5 - should return string as is if it looks like legacy JSON array
      ---
      duration_ms: 0.312486
      type: 'test'
      ...
    # Subtest: should return string as is if it looks like legacy JSON object
    ok 6 - should return string as is if it looks like legacy JSON object
      ---
      duration_ms: 0.298171
      type: 'test'
      ...
    # Subtest: should fall back to original string if encryption fails
    ok 7 - should fall back to original string if encryption fails
      ---
      duration_ms: 0.481058
      type: 'test'
      ...
    # Subtest: should fall back to original string if decryption fails
    ok 8 - should fall back to original string if decryption fails
      ---
      duration_ms: 0.474643
      type: 'test'
      ...
    # Subtest: should fall back to original string if btoa throws an error during encryptData
    ok 9 - should fall back to original string if btoa throws an error during encryptData
      ---
      duration_ms: 3.193403
      type: 'test'
      ...
    # Subtest: should fall back to original string if crypto.getRandomValues throws an error during encryptData
    ok 10 - should fall back to original string if crypto.getRandomValues throws an error during encryptData
      ---
      duration_ms: 0.752815
      type: 'test'
      ...
    1..10
ok 4 - crypto utilities
  ---
  duration_ms: 25.472009
  type: 'suite'
  ...
# Subtest: gemini: getGeminiClient
    # Subtest: should create a new client in production and not set globalThis
    ok 1 - should create a new client in production and not set globalThis
      ---
      duration_ms: 3.28375
      type: 'test'
      ...
    # Subtest: should create a new client in development and set globalThis
    ok 2 - should create a new client in development and set globalThis
      ---
      duration_ms: 0.62886
      type: 'test'
      ...
    # Subtest: should reuse the existing client in development if it is already set
    ok 3 - should reuse the existing client in development if it is already set
      ---
      duration_ms: 0.726482
      type: 'test'
      ...
    1..3
ok 5 - gemini: getGeminiClient
  ---
  duration_ms: 6.159491
  type: 'suite'
  ...
# Subtest: tests: calculateDailyTotal
    # Subtest: should return 0 for an empty logs array
    ok 1 - should return 0 for an empty logs array
      ---
      duration_ms: 1.229894
      type: 'test'
      ...
    # Subtest: should sum durations for logs on the same day
    ok 2 - should sum durations for logs on the same day
      ---
      duration_ms: 3.258934
      type: 'test'
      ...
    # Subtest: should filter out logs from different days
    ok 3 - should filter out logs from different days
      ---
      duration_ms: 0.318626
      type: 'test'
      ...
    # Subtest: should return 0 if no logs match the target date
    ok 4 - should return 0 if no logs match the target date
      ---
      duration_ms: 0.465326
      type: 'test'
      ...
    1..4
ok 6 - tests: calculateDailyTotal
  ---
  duration_ms: 6.665476
  type: 'suite'
  ...
# Subtest: tests: testFormatHours
    # Subtest: should format 0 minutes correctly
    ok 1 - should format 0 minutes correctly
      ---
      duration_ms: 0.404906
      type: 'test'
      ...
    # Subtest: should format exactly 1 hour correctly
    ok 2 - should format exactly 1 hour correctly
      ---
      duration_ms: 0.151612
      type: 'test'
      ...
    # Subtest: should format hours and minutes correctly
    ok 3 - should format hours and minutes correctly
      ---
      duration_ms: 0.237379
      type: 'test'
      ...
    # Subtest: should format only minutes correctly
    ok 4 - should format only minutes correctly
      ---
      duration_ms: 0.350931
      type: 'test'
      ...
    # Subtest: should handle negative numbers gracefully
    ok 5 - should handle negative numbers gracefully
      ---
      duration_ms: 0.250751
      type: 'test'
      ...
    # Subtest: should handle decimal minutes gracefully
    ok 6 - should handle decimal minutes gracefully
      ---
      duration_ms: 0.323536
      type: 'test'
      ...
    # Subtest: should handle NaN gracefully
    ok 7 - should handle NaN gracefully
      ---
      duration_ms: 0.137455
      type: 'test'
      ...
    # Subtest: should handle Infinity gracefully
    ok 8 - should handle Infinity gracefully
      ---
      duration_ms: 0.149189
      type: 'test'
      ...
    # Subtest: should handle large amounts of minutes correctly
    ok 9 - should handle large amounts of minutes correctly
      ---
      duration_ms: 0.135845
      type: 'test'
      ...
    1..9
ok 7 - tests: testFormatHours
  ---
  duration_ms: 2.789978
  type: 'suite'
  ...
# Subtest: tests: mockParseNaturalLanguage
    # Subtest: should parse "2 hours and 15 mins" correctly
    ok 1 - should parse "2 hours and 15 mins" correctly
      ---
      duration_ms: 0.482565
      type: 'test'
      ...
    # Subtest: should parse "1 hour" correctly
    ok 2 - should parse "1 hour" correctly
      ---
      duration_ms: 0.348716
      type: 'test'
      ...
    # Subtest: should parse "30 min" correctly
    ok 3 - should parse "30 min" correctly
      ---
      duration_ms: 0.145061
      type: 'test'
      ...
    # Subtest: should return success false for invalid input
    ok 4 - should return success false for invalid input
      ---
      duration_ms: 0.110939
      type: 'test'
      ...
    # Subtest: should handle uppercase and mixed case inputs
    ok 5 - should handle uppercase and mixed case inputs
      ---
      duration_ms: 0.103129
      type: 'test'
      ...
    # Subtest: should parse times without spaces between number and unit
    ok 6 - should parse times without spaces between number and unit
      ---
      duration_ms: 0.118066
      type: 'test'
      ...
    # Subtest: should extract time from a larger sentence
    ok 7 - should extract time from a larger sentence
      ---
      duration_ms: 0.250412
      type: 'test'
      ...
    # Subtest: should safely handle decimal hours and correctly parse them
    ok 8 - should safely handle decimal hours and correctly parse them
      ---
      duration_ms: 0.135443
      type: 'test'
      ...
    # Subtest: should safely handle negative values or ignore them
    ok 9 - should safely handle negative values or ignore them
      ---
      duration_ms: 0.127883
      type: 'test'
      ...
    # Subtest: should handle zero values correctly
    ok 10 - should handle zero values correctly
      ---
      duration_ms: 0.112679
      type: 'test'
      ...
    # Subtest: should handle empty or whitespace-only inputs
    ok 11 - should handle empty or whitespace-only inputs
      ---
      duration_ms: 0.105997
      type: 'test'
      ...
    1..11
ok 8 - tests: mockParseNaturalLanguage
  ---
  duration_ms: 2.411339
  type: 'suite'
  ...
# Subtest: Country correctly maps to region
ok 9 - Country correctly maps to region
  ---
  duration_ms: 1.20539
  type: 'test'
  ...
# Subtest: Filter logs by region correctly
ok 10 - Filter logs by region correctly
  ---
  duration_ms: 0.352184
  type: 'test'
  ...
# Supabase environment variables are missing. Please set NEXT_PUBLIC_SUPABASE_URL and NEXT_PUBLIC_SUPABASE_ANON_KEY in your environment.
# Subtest: utils: cn
    # Subtest: should merge basic tailwind classes correctly
    ok 1 - should merge basic tailwind classes correctly
      ---
      duration_ms: 10.472065
      type: 'test'
      ...
    # Subtest: should resolve tailwind class conflicts using twMerge
    ok 2 - should resolve tailwind class conflicts using twMerge
      ---
      duration_ms: 0.844325
      type: 'test'
      ...
    # Subtest: should handle conditional classes using clsx
    ok 3 - should handle conditional classes using clsx
      ---
      duration_ms: 0.451471
      type: 'test'
      ...
    # Subtest: should handle undefined, null, and empty inputs gracefully
    ok 4 - should handle undefined, null, and empty inputs gracefully
      ---
      duration_ms: 0.178773
      type: 'test'
      ...
    # Subtest: should handle array inputs correctly
    ok 5 - should handle array inputs correctly
      ---
      duration_ms: 0.217024
      type: 'test'
      ...
    1..5
ok 11 - utils: cn
  ---
  duration_ms: 13.616396
  type: 'suite'
  ...
# Subtest: utils: logError
    # Subtest: should log an Error object correctly
    ok 1 - should log an Error object correctly
      ---
      duration_ms: 12.6792
      type: 'test'
      ...
    # Subtest: should log a string error correctly
    ok 2 - should log a string error correctly
      ---
      duration_ms: 2.727423
      type: 'test'
      ...
    # Subtest: should fail silently if supabase insert fails
    ok 3 - should fail silently if supabase insert fails
      ---
      duration_ms: 2.644693
      type: 'test'
      ...
    # Subtest: should fail silently if supabase client itself throws
    ok 4 - should fail silently if supabase client itself throws
      ---
      duration_ms: 1.593161
      type: 'test'
      ...
    1..4
ok 12 - utils: logError
  ---
  duration_ms: 21.985831
  type: 'suite'
  ...
1..12
# tests 63
# suites 10
# pass 59
# fail 4
# cancelled 0
# skipped 0
# todo 0
# duration_ms 1363.683347
